43e00000 T _start
43e00020 t _undefined_instruction
43e00024 t _software_interrupt
43e00028 t _prefetch_abort
43e0002c t _data_abort
43e00030 t _not_used
43e00034 t _irq
43e00038 t _fiq
43e0003c t _pad
43e00040 T _TEXT_BASE
43e00040 T _end_vect
43e00044 T _bss_start_ofs
43e00048 T _bss_end_ofs
43e0004c T IRQ_STACK_START_IN
43e00050 t reset
43e00064 t call_board_init_f
43e00074 T relocate_code
43e00080 t stack_setup
43e000a0 t copy_loop
43e000d0 t fixloop
43e000f4 t fixabs
43e00108 t fixrel
43e00110 t fixnext
43e00120 t clear_bss
43e0013c t clbss_l
43e0014c t jump_2_ram
43e00164 t _board_init_r_ofs
43e00168 t _rel_dyn_start_ofs
43e0016c t _rel_dyn_end_ofs
43e00170 t _dynsym_start_ofs
43e00174 t cpu_init_crit
43e001c0 t undefined_instruction
43e00220 t software_interrupt
43e00280 t prefetch_abort
43e002e0 t data_abort
43e00340 t not_used
43e003a0 t irq
43e00400 t fiq
43e00460 t _TEXT_BASE
43e00464 T cache_init
43e00468 T lowlevel_init
43e00508 t v310_1
43e00518 t after_copy
43e00564 t _board_init_f
43e00568 t _second_boot_info
43e0056c t wakeup_reset
43e005c4 t skip_dmc
43e005e0 t wake_v310
43e005ec t exit_wakeup
43e00600 t read_om
43e00648 T uart_asm_init
43e006b4 t load_uboot
43e006f4 t nand_boot
43e00700 t onenand_boot
43e00708 t mmcsd_boot
43e00724 t emmc_boot
43e0072c t emmc_boot_4_4
43e00764 t nor_boot
43e00768 t check_om_setting
43e0076c t onenandcon_init
43e0076c t wait_orwb
43e007a4 t tzpc_init
43e00834 t mmc_ch4_devider_change
43e00858 T nand_asm_init
43e009a0 T mem_ctrl_asm_init
43e00cf0 T system_clock_init
43e00e2c t skip_mpll
43e00f5c T board_init
43e01064 T dram_init
43e0106c T dram_init_banksize
43e010e4 T board_eth_init
43e010ec T checkboard
43e0110c T board_late_init
43e01114 T board_mmc_init
43e01154 T Delay
43e01158 T IIC0_SCLH_SDAH
43e01178 T IIC0_SCLH_SDAL
43e01198 T IIC0_SCLL_SDAH
43e011b8 T IIC0_SCLL_SDAL
43e011d8 T IIC1_SCLH_SDAH
43e011f8 T IIC1_SCLH_SDAL
43e01218 T IIC1_SCLL_SDAH
43e01238 T IIC1_SCLL_SDAL
43e01258 T IIC3_SCLH_SDAH
43e01278 T IIC3_SCLH_SDAL
43e01298 T IIC3_SCLL_SDAH
43e012b8 T IIC3_SCLL_SDAL
43e012d8 T IIC0_ELow
43e012f0 T IIC0_EHigh
43e01308 T IIC1_ELow
43e01320 T IIC1_EHigh
43e01338 T IIC3_ELow
43e01350 T IIC3_EHigh
43e01368 T IIC0_EStart
43e0137c T IIC0_EEnd
43e01390 T IIC0_EAck_write
43e013e8 T IIC0_EAck_read
43e01448 T IIC1_EStart
43e0145c T IIC1_EEnd
43e01470 T IIC1_EAck
43e014c8 T IIC3_EStart
43e014dc T IIC3_EEnd
43e014f0 T IIC3_EAck
43e01548 T IIC0_ESetport
43e01594 T IIC1_ESetport
43e015e0 T IIC3_ESetport
43e0162c T IIC0_EWrite
43e016c8 T IIC0_ERead
43e017e0 T IIC1_EWrite
43e0187c T IIC3_EWrite
43e01918 T movi_uboot_copy
43e01940 T usb_device_copy
43e01958 T emmc_uboot_copy
43e0197c T emmc_4_4_uboot_copy
43e019a0 T emmc_4_4_endbootOp_eMMC
43e019b8 T movi_write_env
43e019d4 T movi_read_env
43e019f0 T movi_write_bl1
43e01a44 T copy_uboot_to_ram
43e01b1c T onenand_readw
43e01b24 T onenand_writew
43e01b2c T onenand_loadpage
43e01b74 T onenand_isbad
43e01b9c T onenand_readpage
43e01be0 T onenand_bl2_copy
43e01c40 T reset_cpu
43e01c74 T GPIO_Init
43e01c88 T GPIO_SetFunctionEach
43e01cb8 T GPIO_SetFunctionAll
43e01cd0 T GPIO_SetDataEach
43e01d00 T GPIO_SetDataAll
43e01d1c T GPIO_GetDataEach
43e01d40 T GPIO_GetDataAll
43e01d5c T GPIO_SetPullUpDownEach
43e01d90 T GPIO_SetPullUpDownAll
43e01dac T ETC_SetPullUpDownEach
43e01ddc T ETC_SetPullUpDownAll
43e01df4 T GPIO_SetDSEach
43e01e28 T GPIO_SetDSAll
43e01e54 T GPIO_SetConRegPDNAll
43e01e70 T GPIO_SetPullUDPDNAll
43e01e8c T GPIO_SetEint1
43e01f5c T GPIO_EINT1ClrPend
43e01f80 T GPIO_EINT1UnMask
43e01fa8 T GPIO_EINT1Mask
43e01fd0 T GPIO_SetEint2
43e020ac T GPIO_EINT2ClrPend
43e020d0 T GPIO_EINT2UnMask
43e020f8 T GPIO_EINT2Mask
43e02120 T GPIO_SetEint3
43e021fc T GPIO_EINT3ClrPend
43e02220 T GPIO_EINT3UnMask
43e02248 T GPIO_EINT3Mask
43e02270 T GPIO_SetEint4
43e02354 T GPIO_EINT4ClrPend
43e02378 T GPIO_EINT4UnMask
43e023a0 T GPIO_EINT4Mask
43e023c8 T GPIO_SetEint5
43e024ac T GPIO_EINT5ClrPend
43e024d0 T GPIO_EINT5UnMask
43e024f8 T GPIO_EINT5Mask
43e02520 T GPIO_SetEint6
43e025e4 T GPIO_EINT6ClrPend
43e02608 T GPIO_EINT6UnMask
43e02630 T GPIO_EINT6Mask
43e02658 T GPIO_SetEint7
43e0271c T GPIO_EINT7ClrPend
43e02740 T GPIO_EINT7UnMask
43e02768 T GPIO_EINT7Mask
43e02790 T GPIO_SetEint8
43e02874 T GPIO_EINT8ClrPend
43e02898 T GPIO_EINT8UnMask
43e028c0 T GPIO_EINT8Mask
43e028e8 T GPIO_SetEint9
43e029c4 T GPIO_EINT9ClrPend
43e029e8 T GPIO_EINT9UnMask
43e02a10 T GPIO_EINT9Mask
43e02a38 T GPIO_SetEint10
43e02b14 T GPIO_EINT10ClrPend
43e02b38 T GPIO_EINT10UnMask
43e02b60 T GPIO_EINT10Mask
43e02b88 T GPIO_SetEint11
43e02c64 T GPIO_EINT11ClrPend
43e02c88 T GPIO_EINT11UnMask
43e02cb0 T GPIO_EINT11Mask
43e02cd8 T GPIO_SetEint12
43e02db4 T GPIO_EINT12ClrPend
43e02dd8 T GPIO_EINT12UnMask
43e02e00 T GPIO_EINT12Mask
43e02e28 T GPIO_SetEint13
43e02f04 T GPIO_EINT13ClrPend
43e02f28 T GPIO_EINT13UnMask
43e02f50 T GPIO_EINT13Mask
43e02f78 T GPIO_SetEint14
43e03054 T GPIO_EINT14ClrPend
43e03078 T GPIO_EINT14UnMask
43e030a0 T GPIO_EINT14Mask
43e030c8 T GPIO_SetEint15
43e031a4 T GPIO_EINT15ClrPend
43e031c8 T GPIO_EINT15UnMask
43e031f0 T GPIO_EINT15Mask
43e03218 T GPIO_SetEint16
43e032f4 T GPIO_EINT16ClrPend
43e03318 T GPIO_EINT16UnMask
43e03340 T GPIO_EINT16Mask
43e03368 T GPIO_SetEint21
43e03450 T GPIO_EINT21ClrPend
43e0346c T GPIO_EINT21UnMask
43e0348c T GPIO_EINT21Mask
43e034ac T GPIO_SetEint22
43e03574 T GPIO_EINT22ClrPend
43e03590 T GPIO_EINT22UnMask
43e035b0 T GPIO_EINT22Mask
43e035d0 T GPIO_SetEint23
43e036b8 T GPIO_EINT23ClrPend
43e036d4 T GPIO_EINT23UnMask
43e036f4 T GPIO_EINT23Mask
43e03714 T GPIO_SetEint24
43e037fc T GPIO_EINT24ClrPend
43e03818 T GPIO_EINT24UnMask
43e03838 T GPIO_EINT24Mask
43e03858 T GPIO_SetEint25
43e03940 T GPIO_EINT25ClrPend
43e0395c T GPIO_EINT25UnMask
43e0397c T GPIO_EINT25Mask
43e0399c T GPIO_SetEint26
43e03a84 T GPIO_EINT26ClrPend
43e03aa0 T GPIO_EINT26UnMask
43e03ac0 T GPIO_EINT26Mask
43e03ae0 T GPIO_SetEint27
43e03bc8 T GPIO_EINT27ClrPend
43e03be4 T GPIO_EINT27UnMask
43e03c04 T GPIO_EINT27Mask
43e03c24 T GPIO_SetEint28
43e03cd4 T GPIO_EINT28ClrPend
43e03cf0 T GPIO_EINT28UnMask
43e03d10 T GPIO_EINT28Mask
43e03d30 T GPIO_SetEint29
43e03e18 T GPIO_EINT29ClrPend
43e03e34 T GPIO_EINT29UnMask
43e03e54 T GPIO_EINT29Mask
43e03e74 T GPIO_SetEint40
43e03f5c T GPIO_EINT40ClrPend
43e03f78 T GPIO_EINT40UnMask
43e03f98 T GPIO_EINT40Mask
43e03fb8 T GPIO_SetEint41
43e040a0 T GPIO_EINT41ClrPend
43e040bc T GPIO_EINT41UnMask
43e040dc T GPIO_EINT41Mask
43e040fc T GPIO_SetEint42
43e041e4 T GPIO_EINT42ClrPend
43e04200 T GPIO_EINT42UnMask
43e04220 T GPIO_EINT42Mask
43e04240 T GPIO_SetEint43
43e04328 T GPIO_EINT43ClrPend
43e04344 T GPIO_EINT43UnMask
43e04364 T GPIO_EINT43Mask
43e04384 T EINT_GRPPRI_XA
43e043ac T EINT_GRPPRI_XB
43e043cc T EINT_PRIORITY_XA
43e043f8 T EINT_PRIORITY_XB
43e0441c T Get_EINTSVC_XA
43e04438 T Get_EINTSVC_XB
43e0444c T Get_EINTSVCPEND_XA
43e04468 T Get_EINTSVCPEND_XB
43e0447c T EINT_GRPFIXPRI_XA
43e044a4 T EINT_GRPFIXPRI_XB
43e044c4 T EINT_FIXPRI_XA
43e0450c T EINT_FIXPRI_XB
43e04550 T init_raw_area_table
43e0474c T get_device_type
43e0475c T print_cpuinfo
43e047cc T s5p_clock_init
43e047d0 T get_APLL_CLK
43e04804 T get_MPLL_CLK
43e04838 T clear_hsmmc_clock_div
43e0485c T set_hsmmc_pre_ratio
43e048c0 T setup_hsmmc_clock
43e04998 T setup_hsmmc_cfg_gpio
43e04a20 T setup_sdhci0_cfg_card
43e04ad4 T cleanup_before_linux
43e04afc T sdelay
43e04b08 T sr32
43e04b28 T wait_on_value
43e04b5c T timer_init
43e04bb8 T set_timer
43e04bcc T reset_timer_masked
43e04bf4 T reset_timer
43e04bf8 T get_timer_masked
43e04c3c T get_timer
43e04c50 T __udelay
43e04cec T get_ticks
43e04cfc T get_tbclk
43e04d04 t display_banner
43e04d24 T __coloured_LED_init
43e04d24 W coloured_LED_init
43e04d28 T __red_LED_on
43e04d28 W red_LED_on
43e04d2c T __red_LED_off
43e04d2c W red_LED_off
43e04d30 T __green_LED_on
43e04d30 W green_LED_on
43e04d34 T __green_LED_off
43e04d34 W green_LED_off
43e04d38 T __yellow_LED_on
43e04d38 W yellow_LED_on
43e04d3c T __yellow_LED_off
43e04d3c W yellow_LED_off
43e04d40 T __blue_LED_on
43e04d40 W blue_LED_on
43e04d44 T __blue_LED_off
43e04d44 W blue_LED_off
43e04d48 T __dram_init_banksize
43e04d64 T board_init_r
43e04e4c T hang
43e04e60 T board_init_f
43e04f98 T arch_lmb_reserve
43e04fbc T do_bootm_linux
43e052d0 T flush_cache
43e052d4 t cp_delay
43e05304 t mmu_setup
43e053a4 T icache_enable
43e053bc T icache_disable
43e053d4 T icache_status
43e053e0 T dcache_enable
43e053fc T dcache_disable
43e05428 T dcache_status
43e05434 T interrupt_init
43e05450 T enable_interrupts
43e05454 T disable_interrupts
43e0545c T bad_mode
43e05478 T show_regs
43e055b4 T do_undefined_instruction
43e055d8 T do_software_interrupt
43e055fc T do_prefetch_abort
43e05620 T do_data_abort
43e05644 T do_not_used
43e05668 T do_fiq
43e0568c T do_irq
43e056b0 T do_reset
43e056dc t print_num
43e056f4 T do_bdinfo
43e0583c W do_go_exec
43e05854 T do_go
43e058c4 t __fswab32
43e058cc T do_bootd
43e058f0 t do_bootm_ose
43e05924 t do_bootm_rtems
43e0595c t do_bootm_qnxelf
43e059b0 t do_bootm_vxworks
43e05a04 t do_bootm_netbsd
43e05b30 t image_get_magic.isra.9
43e05b34 t image_get_size.isra.11
43e05b38 t image_get_ep.isra.14
43e05b3c t bootm_load_os.isra.15
43e05c84 t image_info
43e05d54 T do_iminfo
43e05db4 t bootm_start
43e06178 T __arch_preboot_os
43e06178 W arch_preboot_os
43e0617c T do_bootm_subcommand
43e06400 T do_bootm
43e06734 t on_off
43e06774 T do_icache
43e067e8 T do_dcache
43e0685c T do_coninfo
43e06918 T do_echo
43e069a8 t load_elf_image_shdr
43e06a34 W do_bootelf_exec
43e06a78 T valid_elf_image
43e06ac4 T do_bootelf
43e06c20 T do_bootvx
43e06eb4 T do_exit
43e06ee4 T do_ext2load
43e071f0 T do_ext2ls
43e07320 T ext_format
43e07428 T do_ext2_format
43e07438 T do_ext3_format
43e07448 t reset_handler
43e07464 t memparse
43e074d0 t write_to_ptn_sdmmc
43e07a30 T LCD_turnon
43e07a34 T LCD_setfgcolor
43e07a38 T LCD_setleftcolor
43e07a3c T LCD_setprogress
43e07a40 T fastboot_flash_add_ptn
43e07a7c T fastboot_flash_dump_ptn
43e07bd0 T fastboot_flash_find_ptn
43e07c44 t rx_handler
43e0864c T fastboot_flash_get_ptn
43e08670 t set_partition_table
43e08b3c T do_fastboot
43e09144 T fastboot_flash_get_ptn_count
43e09154 T do_fat_fsinfo
43e09258 T do_fat_format
43e09344 T do_fat_fsload
43e094dc T do_fat_ls
43e095e8 t __fswab32
43e095f0 t fdt_valid
43e096cc t print_data
43e09870 T set_working_fdt_addr
43e098ac T do_fdt
43e0a4e4 T do_help
43e0a530 t evalexp
43e0a5a4 T binary_test
43e0a7a8 T do_itest
43e0a840 t bin_data_init
43e0a85c t getcxmodem
43e0a87c t load_serial_ymodem
43e0a960 t bin_data_char
43e0a984 t load_serial
43e0ab90 T do_load_serial
43e0ac6c T send_pad
43e0ac9c T ktrans
43e0acc0 T chk1
43e0ace8 T s1_sendpacket
43e0ad10 T send_ack
43e0ad74 T send_nack
43e0add8 T k_data_init
43e0adf8 T k_data_save
43e0ae1c T k_data_restore
43e0ae40 T k_data_char
43e0ae90 T handle_send_packet
43e0b058 T do_load_serial_bin
43e0b4c0 T do_mem_loop
43e0b5ac T do_mem_md
43e0b680 T do_mem_base
43e0b6c0 T do_mem_mtest
43e0b864 T do_mem_mw
43e0b920 T do_mem_cmp
43e0bac0 t mod_mem.part.2
43e0bc08 T do_mem_mm
43e0bc20 T do_mem_cp
43e0bcf0 T do_mem_crc
43e0bd94 T do_mem_nm
43e0bdac T do_sleep
43e0be2c T do_mmcinfo
43e0c014 T do_mmcops
43e0c430 T do_emmc
43e0c520 T calc_unit
43e0c570 T encode_chs
43e0c588 T encode_partitionInfo
43e0c618 T decode_partitionInfo
43e0c658 T get_SDInfo
43e0c73c T make_partitionInfo
43e0c8ec T make_mmc_partition
43e0cd00 T get_mmc_block_count
43e0cd44 T get_mmc_mbr
43e0cda0 T put_mmc_mbr
43e0ce30 T get_mmc_part_info
43e0ceec T print_mmc_part_info
43e0d08c T create_mmc_fdisk
43e0d120 T do_fdisk
43e0d1a8 T do_movi
43e0d5b0 t list_del
43e0d5cc t memsize_parse
43e0d634 t part_delall
43e0d66c t memsize_format
43e0d6c0 t mtd_part_info
43e0d758 t index_partitions
43e0d818 t current_save
43e0d8cc t part_sort_add
43e0d9d8 t device_del
43e0da3c t generate_mtdparts_save.constprop.8
43e0dd20 t device_delall.constprop.10
43e0dd74 t mtd_devices_init
43e0dd98 t get_mtd_info.constprop.11
43e0de14 t part_validate
43e0e064 T mtd_device_validate
43e0e09c T device_find
43e0e0e8 t device_parse
43e0e5ac T mtd_id_parse
43e0e6bc T find_dev_and_part
43e0e878 T mtdparts_init
43e0ee4c T do_chpart
43e0ef18 T do_mtdparts
43e0f494 t netboot_common
43e0f790 T do_bootp
43e0f79c T do_tftpb
43e0f7a8 T do_nfs
43e0f7b4 T do_ping
43e0f838 t do_env_delete
43e0f850 t env_print
43e0f8d0 T do_env_save
43e0f8fc t do_env
43e0f95c t do_env_import
43e0fb88 t do_env_default
43e0fbd0 T do_env_print
43e0fc54 T get_env_id
43e0fc64 T _do_env_set
43e0ffd4 T do_env_set
43e0fff0 T setenv
43e1003c t do_env_export
43e10228 T envmatch
43e10290 T getenv_f
43e10350 T getenv
43e103a4 T do_env_edit
43e10408 T do_reginfo
43e10410 T source
43e10530 T do_source
43e1057c T do_false
43e10584 T do_true
43e1058c T do_test
43e109f0 T usb_get_class_desc
43e10aac T usb_display_class_sub
43e10c2c T usb_display_string
43e10c68 T usb_display_desc
43e10da0 T usb_display_conf_desc
43e10e4c T usb_display_if_desc
43e10ed4 T usb_display_ep_desc
43e10f90 T usb_display_config
43e1100c T usb_show_tree_graph
43e11234 T usb_show_tree
43e11264 T do_usb
43e11440 T do_usbd_dnw
43e1154c T do_version
43e1156c T do_imgextract
43e11818 T find_cmd_tbl
43e118bc T find_cmd
43e118e8 T cmd_usage
43e11944 T _do_help
43e11ac8 T cmd_get_data_size
43e11b24 t console_setfile
43e11bc4 T serial_printf
43e11c04 T fgetc
43e11c30 T ftstc
43e11c5c T fputc
43e11c84 T fputs
43e11cac T fprintf
43e11cf4 T getc
43e11d24 T tstc
43e11d54 T putc
43e11d84 T puts
43e11db4 T printf
43e11df4 T vprintf
43e11e28 T ctrlc
43e11e78 T disable_ctrlc
43e11e90 T had_ctrlc
43e11ea0 T clear_ctrlc
43e11eb4 T dbg
43e11ec0 T search_device
43e11ee8 T console_assign
43e11f2c T console_init_f
43e11f3c T stdio_print_current_devices
43e11fec T console_init_r
43e120c0 T check_compress_ext4
43e121ac T write_compressed_ext4
43e12264 T sbrk
43e122c8 T mem_malloc_init
43e122ec T malloc_trim
43e123b0 T free
43e125d8 T malloc
43e12b94 T calloc
43e12c70 T realloc
43e13130 T memalign
43e1323c T valloc
43e13248 T pvalloc
43e13260 T cfree
43e13264 T malloc_usable_size
43e132a0 T mallopt
43e1330c t use_default
43e1339c T env_get_char_spec
43e133a8 T env_init
43e133c4 T saveenv_movinand
43e13448 T saveenv
43e13498 T env_relocate_spec_movinand
43e134e8 T env_relocate_spec
43e13540 T env_get_addr
43e13560 T env_get_char_memory
43e13570 T env_get_char
43e135a0 T set_default_env
43e1363c T env_import
43e13704 T env_relocate
43e13734 t dummy
43e13738 T get_version
43e13740 T jumptable_init
43e138c0 t __fswab32
43e138c8 t of_read_number
43e1390c t of_bus_default_map
43e13994 t of_bus_default_translate
43e139ec t __swab32p.isra.1
43e139f0 t of_bus_default_count_cells
43e13a7c T fdt_getprop_u32_default
43e13ac0 T fdt_find_and_setprop
43e13b30 T fdt_initrd
43e13cfc T fdt_chosen
43e13e10 T do_fixup_by_path
43e13e64 T do_fixup_by_path_u32
43e13e9c T do_fixup_by_prop
43e13f34 T do_fixup_by_prop_u32
43e13f74 T do_fixup_by_compat
43e13ffc T do_fixup_by_compat_u32
43e14034 T fdt_fixup_memory_banks
43e142bc T fdt_fixup_memory
43e142e0 T fdt_fixup_ethernet
43e14424 T fdt_resize
43e144fc T fdt_increase_size
43e14524 T fdt_del_node_and_alias
43e14568 T __of_translate_address
43e14794 T fdt_translate_address
43e147a0 T fdt_node_offset_by_compat_reg
43e14828 T fdt_alloc_phandle
43e1489c t b_reset
43e148b8 t static_get
43e148d4 t static_peek
43e148e0 t file_peek
43e148ec t syntax_err
43e148f8 t free_pipe_list
43e149e0 t xmalloc
43e14a00 t xrealloc
43e14a20 t done_command
43e14aa8 t insert_var_value
43e14c48 T do_showvar
43e14d38 t is_assignment
43e14d8c t file_get
43e14f4c t b_addchr
43e14fc4 t b_addqchr
43e15014 T simple_itoa
43e15068 T set_local_var
43e15210 T unset_local_var
43e152ac T new_pipe
43e152d4 t done_pipe
43e1531c T reserved_word
43e15474 t done_word
43e155f0 T mapset
43e15614 T update_ifs_map
43e15684 T parse_string_outer
43e15768 t run_list_real
43e15f28 t parse_stream_outer
43e164f4 T parse_file_outer
43e16538 T u_boot_hush_start
43e1658c t __fswab32
43e16594 t fdt_error
43e165c0 t image_get_size.isra.6
43e165c4 t image_get_load.isra.8
43e165c8 t image_check_magic
43e165ec T image_check_hcrc
43e1663c T image_check_dcrc
43e1667c T image_multi_count
43e16698 T image_multi_getimg
43e16720 T getenv_yesno
43e16748 T getenv_bootm_low
43e16778 T getenv_bootm_size
43e167d4 T memmove_wd
43e167e0 T genimg_print_size
43e16810 T get_table_entry_name
43e1683c T genimg_get_os_name
43e16854 T genimg_get_arch_name
43e1686c T genimg_get_type_name
43e16884 T genimg_get_comp_name
43e1689c T image_print_contents
43e16a10 T get_table_entry_id
43e16a60 T genimg_get_os_id
43e16a78 T genimg_get_arch_id
43e16a90 T genimg_get_type_id
43e16aa8 T genimg_get_comp_id
43e16ac0 T genimg_get_format
43e16af4 T genimg_get_image
43e16af8 T genimg_has_config
43e16b00 T boot_get_ramdisk
43e16d2c T boot_ramdisk_high
43e16e54 T boot_relocate_fdt
43e16f3c T boot_get_fdt
43e17174 t delete_char.part.0
43e17244 t cread_add_char
43e1732c T __show_boot_progress
43e1732c W show_boot_progress
43e17330 T main_loop
43e17424 T readline_into_buffer
43e17c70 T readline
43e17c8c T parse_line
43e17d14 T run_command
43e180b4 T do_run
43e18128 T get_ram_size
43e18224 t hex1_bin
43e18264 t hex2_bin
43e1829c T srec_decode
43e184f0 T __default_serial_console
43e184f0 W default_serial_console
43e184fc T serial_register
43e18518 T serial_stdio_init
43e185a4 T serial_assign
43e185f0 T serial_initialize
43e18630 T serial_reinit_all
43e1865c T serial_init
43e18694 T serial_setbrg
43e186cc T serial_getc
43e18704 T serial_tstc
43e1873c T serial_putc
43e1877c T serial_puts
43e187bc T stdio_get_list
43e187c8 T stdio_get_by_name
43e18814 T stdio_clone
43e18864 T stdio_register
43e188a0 T stdio_init
43e1892c t usb_set_maxpacket_ep
43e18978 T wait_ms
43e1899c T usb_stop
43e189c8 T usb_disable_asynch
43e189e0 T usb_submit_int_msg
43e189e4 T usb_control_msg
43e18a98 T usb_bulk_msg
43e18afc T usb_maxpacket
43e18b18 T usb_set_maxpacket
43e18b7c T usb_parse_config
43e18cbc T usb_clear_halt
43e18d54 T usb_get_descriptor
43e18db0 T usb_get_configuration_no
43e18e48 T usb_set_address
43e18e88 T usb_set_interface
43e18f40 T usb_set_configuration
43e18fa4 T usb_set_protocol
43e18ff8 T usb_set_idle
43e19054 T usb_get_report
43e190b8 T usb_get_class_descriptor
43e1911c T usb_get_string
43e19190 t usb_string_sub
43e1929c T usb_string
43e1939c T usb_get_dev_index
43e193c8 T usb_alloc_new_device
43e19454 T usb_get_hub_descriptor
43e194ac T usb_clear_hub_feature
43e194fc T usb_clear_port_feature
43e19550 T usb_set_port_feature
43e195a4 t usb_hub_power_on
43e195e8 T usb_get_hub_status
43e19638 T usb_get_port_status
43e1968c t hub_port_reset
43e1972c T usb_hub_reset
43e19740 T usb_hub_allocate
43e19788 T usb_hub_probe
43e197e0 T usb_new_device
43e19a74 T usb_scan_devices
43e19af0 T usb_init
43e19b6c T usb_hub_port_connect_change
43e19c60 T usb_hub_configure
43e19e48 T CYGACC_COMM_IF_GETC_TIMEOUT
43e19e94 t xyzModem_flush
43e19ec0 t xyzModem_get_hdr
43e1a124 T CYGACC_COMM_IF_PUTC
43e1a12c T parse_num
43e1a254 T xyzModem_stream_open
43e1a3a0 T xyzModem_stream_read
43e1a5ec T xyzModem_stream_close
43e1a640 T xyzModem_stream_terminate
43e1a6d4 T xyzModem_error
43e1a6f4 T get_dev
43e1a74c T dev_print
43e1a95c T init_part
43e1a978 T get_partition_info
43e1a9a0 T print_part
43e1aa88 t le32_to_int
43e1aaac t is_extended
43e1aac4 t print_partition_extended
43e1ac9c t get_partition_info_extended
43e1aeac T test_part_dos
43e1aefc T print_part_dos
43e1af28 T get_partition_info_dos
43e1af48 T gpio_cfg_pin
43e1af64 T gpio_direction_output
43e1af9c T gpio_direction_input
43e1afa4 T gpio_set_value
43e1afc4 T gpio_get_value
43e1afdc T gpio_set_pull
43e1b000 T gpio_set_drv
43e1b020 T gpio_set_rate
43e1b048 t __fswab32
43e1b050 t lldiv
43e1b094 t feedback_delay.isra.1
43e1b1c4 T __board_mmc_getcd
43e1b1c4 W board_mmc_getcd
43e1b1cc T mmc_send_cmd
43e1b1dc T mmc_set_blocklen
43e1b210 T find_mmc_device
43e1b25c t mmc_bwrite
43e1b478 t mmc_bread
43e1b668 T mmc_read_block
43e1b6c8 T mmc_read
43e1b7c8 T movi_write
43e1b7cc T movi_read
43e1b7d0 T mmc_go_idle
43e1b820 T sd_send_op_cond
43e1b914 T mmc_send_op_cond
43e1b9b0 T mmc_send_ext_csd
43e1ba00 T mmc_switch
43e1ba40 T mmc_change_freq
43e1bb0c T sd_switch
43e1bb78 T sd_change_freq
43e1bd38 T mmc_set_ios
43e1bd48 T mmc_set_clock
43e1bd68 T mmc_set_bus_width
43e1bd70 T mmc_startup
43e1c408 T mmc_send_if_cond
43e1c480 T mmc_register
43e1c4e8 T mmc_get_dev
43e1c4fc T mmc_init
43e1c580 W cpu_mmc_init
43e1c580 t __def_mmc_init
43e1c588 T print_mmc_devices
43e1c5f0 T mmc_initialize
43e1c698 T mmc_erase
43e1ca04 T emmc_boot_open
43e1ca74 T emmc_boot_close
43e1caac t sdhci_change_clock
43e1cb3c t s3c_hsmmc_set_ios
43e1cb98 t s3c_hsmmc_send_command
43e1ce38 t sdhci_reset.constprop.3
43e1ce94 t s3c_hsmmc_init
43e1cee4 T smdk_s3c_hsmmc_init
43e1cf84 t mshci_reset_fifo.isra.5
43e1cfd8 t s5p_mshc_send_command
43e1d33c t mshci_change_clock.part.3
43e1d538 t s5p_mshc_set_ios
43e1d610 t s5c_mshc_init
43e1d7d8 T smdk_s5p_mshc_init
43e1d898 T add_mtd_device
43e1d904 T del_mtd_device
43e1d958 T get_mtd_device
43e1d9d4 T get_mtd_device_nm
43e1da40 T put_mtd_device
43e1da6c t s3c_write_cmd
43e1da84 t s3c_mem_addr
43e1da94 t s3c_onenand_reset
43e1dae0 t s3c_get_bufferram
43e1db2c t s3c_onenand_bbt_wait
43e1db9c t onenand_write_bufferram
43e1dbc4 t onenand_read_bufferram
43e1dbec t s3c_onenand_wait
43e1dcd0 t s3c_onenand_writew
43e1dd9c t s3c_onenand_readw
43e1def0 t s3c_onenand_check_lock_status.isra.0
43e1df78 t s3c_onenand_unlock_all
43e1e084 t s3c_onenand_command
43e1e2d0 T s3c_onenand_init
43e1e3ec T s5p_serial0_tstc
43e1e3fc T s5p_serial1_tstc
43e1e40c T s5p_serial2_tstc
43e1e41c T s5p_serial3_tstc
43e1e42c T serial_setbrg_dev
43e1e474 T s5p_serial0_setbrg
43e1e47c T s5p_serial1_setbrg
43e1e484 T s5p_serial2_setbrg
43e1e48c T s5p_serial3_setbrg
43e1e494 T serial_init_dev
43e1e4c4 T s5p_serial0_init
43e1e4cc T s5p_serial1_init
43e1e4d4 T s5p_serial2_init
43e1e4dc T s5p_serial3_init
43e1e4e4 T serial_getc_dev
43e1e514 T s5p_serial0_getc
43e1e51c T s5p_serial1_getc
43e1e524 T s5p_serial2_getc
43e1e52c T s5p_serial3_getc
43e1e534 T serial_putc_dev
43e1e56c T s5p_serial0_putc
43e1e574 T s5p_serial1_putc
43e1e57c T s5p_serial2_putc
43e1e584 T s5p_serial3_putc
43e1e58c T serial_tstc_dev
43e1e59c T serial_puts_dev
43e1e5c4 T s5p_serial0_puts
43e1e5cc T s5p_serial1_puts
43e1e5d4 T s5p_serial2_puts
43e1e5dc T s5p_serial3_puts
43e1e5e4 T fboot_usb_set_descriptors
43e1e738 T fastboot_fifo_size
43e1e754 T fastboot_getvar
43e1e75c T s3c_usb_init_phy
43e1e7a8 T s3c_usb_phy_off
43e1e7d4 T s3c_usb_core_soft_reset
43e1e7f4 T s3c_usb_wait_cable_insert
43e1e844 T s3c_usb_init_core
43e1e860 T s3c_usb_check_current_mode
43e1e878 T s3c_usb_set_soft_disconnect
43e1e890 T s3c_usb_clear_soft_disconnect
43e1e8a8 T s3c_usb_init_device
43e1e8d4 T s3c_usbctl_init
43e1e988 T fboot_usbctl_init
43e1e9a8 T fastboot_init
43e1ea7c T s3c_usbc_activate
43e1ea84 T s3c_usb_stop
43e1ea98 T fastboot_shutdown
43e1ea9c T s3c_usb_print_pkt
43e1eae8 T s3c_usb_verify_checksum
43e1eb84 T s3c_usb_set_inep_xfersize
43e1ebb8 T s3c_usb_set_outep_xfersize
43e1ebec T s3c_usb_write_ep0_fifo
43e1ec38 T s3c_usb_write_in_fifo
43e1ec84 T fboot_usb_int_bulkin
43e1ed0c T s3c_usb_read_out_fifo
43e1ed54 T fboot_usb_int_bulkout
43e1eddc T s3c_usb_get_desc
43e1ef2c T s3c_usb_clear_feature
43e1efa4 T s3c_usb_set_feature
43e1f0ec T s3c_usb_get_status
43e1f180 T s3c_usb_ep0_int_hndlr
43e1f2ec T s3c_usb_set_otherspeed_conf_desc
43e1f370 T s3c_usb_transfer_ep0
43e1f804 T s3c_usb_int_bulkin
43e1f8c4 T s3c_usb_upload_start
43e1fa34 T s3c_usb_download_start
43e1fb58 T s3c_usb_download_continue
43e1fbf8 T s3c_usb_int_bulkout
43e1fc20 T s3c_usb_dma_in_done
43e1fcc4 T s3c_usb_dma_out_done
43e1fd70 T s3c_usb_set_all_outep_nak
43e1fd98 T s3c_usb_clear_all_outep_nak
43e1fdc0 T s3c_usb_set_max_pktsize
43e1fe6c T s3c_usb_set_endpoint
43e1fe9c T s3c_usb_set_descriptors
43e1ffec T s3c_usb_check_speed
43e20004 T s3c_usb_clear_dnfile_info
43e20044 T s3c_usb_clear_upfile_info
43e20084 T s3c_usb_check_setconf
43e2009c T s3c_usb_set_opmode
43e20100 T s3c_usb_reset
43e2016c T s3c_usb_set_init
43e20238 T s3c_usb_pkt_receive
43e202b8 T s3c_usb_transfer
43e203c0 T s3c_udc_int_hndlr
43e2047c T fboot_usb_int_hndlr
43e20480 T fastboot_poll
43e204dc T fastboot_tx_status
43e20528 t td_alloc
43e20564 t urb_free_priv.constprop.3
43e205a4 t td_fill.isra.0.constprop.5
43e20648 T sohci_submit_job
43e20b64 T rh_check_port_status
43e20b6c T submit_common_msg
43e20b74 T submit_bulk_msg
43e20b7c T submit_control_msg
43e20b84 T submit_int_msg
43e20b8c T usb_lowlevel_init
43e20b94 T usb_lowlevel_stop
43e20b9c t ext2fs_read_inode
43e20c68 T ext2fs_free_node
43e20c8c T ext2fs_read_file
43e2110c t ext2fs_iterate_dir
43e2136c T ext2fs_find_file1
43e215f0 T ext2fs_find_file
43e21668 T ext2fs_ls
43e216e0 T ext2fs_open
43e21770 T ext2fs_close
43e21824 T ext2fs_read
43e2185c T ext2fs_mount
43e21904 T get_random_val
43e21920 T default_journal_size
43e21970 T ext2fs_format
43e23c08 T ext2fs_set_blk_dev
43e23c5c T ext2fs_devread
43e23e20 t downcase
43e23e44 t disk_read
43e23e90 t setstr
43e23ebc t dirdelim
43e23eec t get_fatent
43e2403c t get_cluster
43e240d0 t get_name
43e2417c t slot2str
43e2423c t get_vfatname
43e243f4 t read_bootsectandvi
43e2453c T fat_register_device
43e24668 T fat_format_device
43e24c64 T do_fat_read
43e25600 T file_fat_detectfs
43e25740 T file_fat_ls
43e25750 T file_fat_read
43e25788 T file_getfsname
43e257a0 T file_cd
43e25990 T file_detectfs
43e259cc T file_ls
43e25a58 T file_read
43e25af4 t __fswab32
43e25afc T fdt_check_header
43e25b7c T fdt_offset_ptr
43e25bd0 T fdt_next_tag
43e25ccc T _fdt_check_node_offset
43e25d08 T fdt_next_node
43e25dd0 T _fdt_find_string
43e25e2c T fdt_move
43e25e74 t __fswab32
43e25e7c t _fdt_mem_rsv
43e25e98 t __fswab64
43e25ec8 t _fdt_offset_ptr
43e25ee4 T fdt_string
43e25f00 T fdt_get_mem_rsv
43e25f58 T fdt_num_mem_rsv
43e25f8c T fdt_subnode_offset_namelen
43e26060 T fdt_subnode_offset
43e26090 T fdt_get_name
43e26100 T fdt_get_property_namelen
43e2620c T fdt_get_property
43e26248 T fdt_getprop_namelen
43e26268 T fdt_getprop
43e262a4 T fdt_get_phandle
43e262e8 T fdt_get_alias_namelen
43e26334 T fdt_path_offset
43e26420 T fdt_get_alias
43e26448 T fdt_get_path
43e26584 T fdt_supernode_atdepth_offset
43e2663c T fdt_node_depth
43e26664 T fdt_parent_offset
43e26694 T fdt_node_offset_by_prop_value
43e26730 T fdt_node_offset_by_phandle
43e26780 T fdt_node_check_compatible
43e2680c T fdt_node_offset_by_compatible
43e26880 t __fswab32
43e26888 t _fdt_blocks_misordered
43e26904 t _fdt_mem_rsv
43e26920 t _fdt_data_size
43e26944 t fdt_set_off_dt_struct
43e2695c t fdt_set_off_dt_strings
43e26974 t __fswab64
43e269a4 t fdt_set_size_dt_struct
43e269bc t fdt_set_size_dt_strings
43e269d4 t _fdt_offset_ptr
43e269f0 t fdt_set_totalsize
43e26a08 t _fdt_splice
43e26a7c t _fdt_splice_mem_rsv
43e26ad8 t _fdt_splice_struct
43e26b28 t _fdt_packblocks
43e26bdc t _fdt_rw_check_header
43e26c44 T fdt_add_mem_rsv
43e26cc4 T fdt_del_mem_rsv
43e26d20 T fdt_set_name
43e26da8 T fdt_setprop
43e26f64 T fdt_delprop
43e26fc4 T fdt_add_subnode_namelen
43e270b8 T fdt_add_subnode
43e270e8 T fdt_del_node
43e2714c T fdt_open_into
43e272f0 T fdt_pack
43e2734c T fdt_strerror
43e273a4 t __fswab32
43e273ac t fdt_set_totalsize
43e273c4 t fdt_set_off_dt_struct
43e273dc t fdt_set_off_dt_strings
43e273f4 t _fdt_sw_check_header
43e27418 t __fswab64
43e27448 t _fdt_offset_ptr
43e27464 t _fdt_grab_space
43e274d4 T fdt_create
43e2754c T fdt_add_reservemap_entry
43e275dc T fdt_finish_reservemap
43e275f8 T fdt_begin_node
43e27660 T fdt_end_node
43e276a0 T fdt_property
43e277bc T fdt_finish
43e278d8 T fdt_setprop_inplace
43e2791c T fdt_nop_property
43e27958 T _fdt_node_end_offset
43e2799c T fdt_nop_node
43e279ec T cyg_crc16
43e27a30 T crc32_no_comp
43e27b08 T crc32
43e27b1c T crc32_wd
43e27b20 T display_options
43e27b40 T print_size
43e27c20 T print_buffer
43e27d90 T __div64_32
43e27e64 T zalloc
43e27e74 T zfree
43e27e7c T zunzip
43e27f64 T gunzip
43e2802c t cmpkey
43e28040 T hcreate_r
43e280ec T hcreate
43e280f8 T hdestroy_r
43e2816c T hdestroy
43e28178 T hsearch_r
43e28438 T hsearch
43e28468 T hdelete_r
43e284f0 T hdelete
43e284fc T hexport_r
43e28738 T hexport
43e28760 T himport_r
43e289ac T himport
43e289e0 t lmb_add_region
43e28ba0 T lmb_dump_all
43e28ba4 T lmb_init
43e28bcc T lmb_add
43e28bd0 T lmb_free
43e28cdc T lmb_reserve
43e28ce4 T lmb_overlaps_region
43e28d3c T __lmb_alloc_base
43e28e48 T lmb_alloc_base
43e28e7c T lmb_alloc
43e28e84 T lmb_is_reserved
43e28ed4 T __board_lmb_reserve
43e28ed4 W board_lmb_reserve
43e28ed8 T __arch_lmb_reserve
43e28edc T ldiv
43e28f2c T string_to_ip
43e28f90 T qsort
43e29074 T strcpy
43e29090 T strncpy
43e290b4 T strcat
43e290e4 T strncat
43e29138 T strcmp
43e29164 T strncmp
43e291a4 T strchr
43e291d0 T strlen
43e291f0 T strrchr
43e2922c T strnlen
43e2925c T strdup
43e29298 T strspn
43e292d4 T strpbrk
43e29310 T strtok
43e29398 T strsep
43e293d0 T strswab
43e29418 T memset
43e29478 T bcopy
43e29498 T memcpy
43e294f0 T memmove
43e2953c T memcmp
43e29570 T memscan
43e2959c T strstr
43e29604 T memchr
43e29634 T strmhz
43e296a4 T udelay
43e296d4 t put_dec_trunc
43e297b4 t string
43e29844 t put_dec
43e29978 t number
43e29bd4 T simple_strtoul
43e29c8c T simple_strtol
43e29cb4 T ustrtoul
43e29d24 T simple_strtoull
43e29e00 T vsprintf
43e2a410 T sprintf
43e2a438 T panic
43e2a488 T zcalloc
43e2a490 T zcfree
43e2a498 T inflate_fast
43e2aa28 T inflate_table
43e2af94 T inflateReset
43e2b010 T inflateInit2_
43e2b114 T inflateInit_
43e2b128 T inflateEnd
43e2b18c T adler32
43e2b4d0 T inflate
43e2c9b8 t BootpHandler
43e2cd44 T BootpRequest
43e2cf7c t BootpTimeout
43e2cfc0 W cpu_eth_init
43e2cfc0 t __def_eth_init
43e2cfc8 T eth_parse_enetaddr
43e2d020 T eth_getenv_enetaddr
43e2d07c T eth_setenv_enetaddr
43e2d0b0 T eth_getenv_enetaddr_by_index
43e2d0f4 T eth_get_dev
43e2d104 T eth_get_dev_by_name
43e2d158 T eth_get_dev_by_index
43e2d1a4 T eth_get_dev_index
43e2d1e8 T eth_register
43e2d270 T eth_initialize
43e2d54c T eth_halt
43e2d57c T eth_send
43e2d5b4 T eth_rx
43e2d5e0 T eth_try_another
43e2d694 T eth_init
43e2d75c T eth_set_current
43e2d7f8 T eth_get_name
43e2d818 t startAgainTimeout
43e2d82c t startAgainHandler
43e2d830 t NetCopyIP
43e2d838 t PingTimeout
43e2d854 t PingHandler
43e2d88c T NetStartAgain
43e2d9b0 T NetSetHandler
43e2d9c0 T NetSetTimeout
43e2d9f0 T NetSendPacket
43e2d9f4 T NetCksum
43e2da24 T NetCksumOk
43e2da44 T NetEthHdrSize
43e2da7c T NetSetEther
43e2db14 T ArpRequest
43e2dc0c T ArpTimeoutCheck
43e2dc7c T PingSend
43e2ddac T NetReceive
43e2e230 T NetSetIP
43e2e30c T NetSendUDPPacket
43e2e454 T copy_filename
43e2e49c T random_port
43e2e4b4 T ip_to_string
43e2e4ec T VLAN_to_string
43e2e530 T string_to_VLAN
43e2e574 T getenv_VLAN
43e2e584 T NetLoop
43e2e994 t __fswab32
43e2e99c t rpc_lookup_reply
43e2ea40 t nfs_mount_reply
43e2ead4 t nfs_umountall_reply
43e2eb58 t nfs_lookup_reply
43e2ebe4 t nfs_readlink_reply
43e2ecd0 t basename
43e2ed0c t rpc_add_credentials
43e2edc4 t rpc_req
43e2eea8 t nfs_mount_req
43e2ef44 t nfs_umountall_req
43e2ef9c t nfs_lookup_req
43e2f048 t nfs_read_req
43e2f0c8 t nfs_readlink_req
43e2f120 t nfs_read_reply.isra.0
43e2f258 t NfsSend
43e2f354 t NfsHandler
43e2f514 t NfsTimeout
43e2f56c T NfsStart
43e2f790 t TftpSend
43e2f924 t TftpHandler
43e2fbe8 t TftpTimeout
43e2fc4c T TftpStart
43e2ff1c T raise
43e2ff24 T __aeabi_unwind_cpp_pr0
43e2ff28 T __udivsi3
43e2ff28 t .udivsi3_skip_div0_test
43e2ff28 t __aeabi_uidiv
43e30114 t __aeabi_uidivmod
43e30134 T __divsi3
43e30134 t __aeabi_idiv
43e3013c t .divsi3_skip_div0_test
43e30354 t __aeabi_idivmod
43e30374 T __lshrdi3
43e30374 t __aeabi_llsr
43e30390 T __ashrdi3
43e30390 t __aeabi_lasr
43e303ac T __ashldi3
43e303ac t __aeabi_llsl
43e303c8 t __aeabi_uldivmod
43e30404 t __aeabi_idiv0
43e30404 t __aeabi_ldiv0
43e30414 T __gnu_ldivmod_helper
43e30454 t __gnu_uldivmod_helper
43e30490 t __divdi3
43e3093c t __udivdi3
43e30d8c t parse_env.isra.1.constprop.4
43e30f78 R version_string
43e3103c r boot_os
43e31098 r __func__.5691
43e310a6 r __func__.5657
43e310b4 r CSWTCH.19
43e310ca r __func__.5482
43e310da r __func__.5489
43e310e5 r __FUNCTION__.6157
43e3110c r __FUNCTION__.6296
43e31124 r CSWTCH.28
43e31144 r block_drvr
43e31154 r udivslot
43e31194 r filesystems
43e311ac r fdt_errtable
43e311e0 r crc16_tab
43e313e0 r crc_table
43e317e0 r names.5438
43e317e6 r digits.5424
43e317f6 R hex_asc
43e31808 r lext.5726
43e31846 r lbase.5725
43e31884 r dext.5728
43e318c4 r dbase.5727
43e31904 r lenfix
43e32104 r distfix
43e32184 r order.5821
43e321ac R z_errmsg
43e321d4 r CSWTCH.44
43e321e4 r __func__.6034
43e321f6 R config_full
43e321ff R config_full_total
43e3221f R fboot_string_desc3
43e3223b R fboot_string_desc2
43e32253 R fboot_string_desc1
43e3226b R dnw_string_desc2
43e32297 R dnw_string_desc1
43e322ad R string_desc0
43e322b1 R fboot_qualifier_desc
43e322bb R config_high_total
43e322db R config_high
43e322e4 R qualifier_desc
43e3ba18 D second_boot_info
43e3ba1c D s5p_cpu_id
43e3ba20 D init_sequence
43e3ba40 D nr_dram_banks
43e3ba44 D load_addr
43e3ba48 d cmd_bootm_sub
43e3bb08 d interface
43e3bb24 d static_pcount
43e3bb28 d root.5773
43e3bb2a d tabs.5855
43e3bb4c D op_table
43e3bbb4 d do_echo
43e3bbb8 D dp_last_length
43e3bbbc d cmd_env_sub
43e3bc94 d env_id
43e3bc98 d av_
43e3c0a0 d sbrk_base
43e3c0a4 d trim_threshold
43e3c0a8 d mmap_threshold
43e3c0ac D env_name_spec
43e3c0b0 D default_environment
43e3c1a8 D default_environment_size
43e3c1ac d of_busses
43e3c1c0 d reserved_list
43e3c244 d uimage_os
43e3c2b0 d uimage_arch
43e3c394 d uimage_type
43e3c424 d uimage_comp
43e3c46c d erase_seq
43e3c470 d tab_seq
43e3c47c d hist_cur
43e3c480 D stdio_names
43e3c48c d cur_dev_num
43e3c490 D multipliers
43e3c4d0 D fbase
43e3c4e0 D s5p_serial3_device
43e3c518 D s5p_serial2_device
43e3c550 D s5p_serial1_device
43e3c588 D s5p_serial0_device
43e3c5c0 D test_pkt
43e3c5f8 D ptable_default_size
43e3c600 D ptable_default
43e3c718 D indir1_blkno
43e3c71c D indir2_blkno
43e3c720 d cur_part
43e3c724 D file_cwd
43e3c924 d current_filesystem
43e3c928 D _ctype
43e3ca28 D NetOurVLAN
43e3ca2a D NetBcastAddr
43e3ca30 D NetOurNativeVLAN
43e3ca34 d nfs_offset
43e3ca38 d TftpTimeoutMSecs
43e3ca3c d TftpBlkSizeOption
43e3ca3e d TftpBlkSize
43e3ca40 d TftpTimeoutCountMax
43e3ca44 D TftpRRQTimeoutCountMax
43e3ca48 D TftpRRQTimeoutMSecs
43e3ca58 D __u_boot_cmd_bdinfo
43e3ca58 D __u_boot_cmd_start
43e3ca70 D __u_boot_cmd_reset
43e3ca88 D __u_boot_cmd_go
43e3caa0 D __u_boot_cmd_iminfo
43e3cab8 D __u_boot_cmd_bootd
43e3cad0 D __u_boot_cmd_boot
43e3cae8 D __u_boot_cmd_bootm
43e3cb00 D __u_boot_cmd_dcache
43e3cb18 D __u_boot_cmd_icache
43e3cb30 D __u_boot_cmd_coninfo
43e3cb48 D __u_boot_cmd_echo
43e3cb60 D __u_boot_cmd_bootvx
43e3cb78 D __u_boot_cmd_bootelf
43e3cb90 D __u_boot_cmd_exit
43e3cba8 D __u_boot_cmd_ext3format
43e3cbc0 D __u_boot_cmd_ext2format
43e3cbd8 D __u_boot_cmd_ext2load
43e3cbf0 D __u_boot_cmd_ext2ls
43e3cc08 D __u_boot_cmd_fastboot
43e3cc20 D __u_boot_cmd_fatformat
43e3cc38 D __u_boot_cmd_fatinfo
43e3cc50 D __u_boot_cmd_fatls
43e3cc68 D __u_boot_cmd_fatload
43e3cc80 D __u_boot_cmd_fdt
43e3cc98 D __u_boot_cmd_question_mark
43e3ccb0 D __u_boot_cmd_help
43e3ccc8 D __u_boot_cmd_itest
43e3cce0 D __u_boot_cmd_loady
43e3ccf8 D __u_boot_cmd_loadb
43e3cd10 D __u_boot_cmd_loads
43e3cd28 D __u_boot_cmd_mtest
43e3cd40 D __u_boot_cmd_loop
43e3cd58 D __u_boot_cmd_base
43e3cd70 D __u_boot_cmd_crc32
43e3cd88 D __u_boot_cmd_cmp
43e3cda0 D __u_boot_cmd_cp
43e3cdb8 D __u_boot_cmd_mw
43e3cdd0 D __u_boot_cmd_nm
43e3cde8 D __u_boot_cmd_mm
43e3ce00 D __u_boot_cmd_md
43e3ce18 D __u_boot_cmd_sleep
43e3ce30 D __u_boot_cmd_mmc
43e3ce48 D __u_boot_cmd_emmc
43e3ce60 D __u_boot_cmd_mmcinfo
43e3ce78 D __u_boot_cmd_fdisk
43e3ce90 D __u_boot_cmd_movi
43e3cea8 D __u_boot_cmd_mtdparts
43e3cec0 D __u_boot_cmd_chpart
43e3ced8 D __u_boot_cmd_ping
43e3cef0 D __u_boot_cmd_nfs
43e3cf08 D __u_boot_cmd_tftpboot
43e3cf20 D __u_boot_cmd_bootp
43e3cf38 D __u_boot_cmd_run
43e3cf50 D __u_boot_cmd_setenv
43e3cf68 D __u_boot_cmd_printenv
43e3cf80 D __u_boot_cmd_editenv
43e3cf98 D __u_boot_cmd_env
43e3cfb0 D __u_boot_cmd_saveenv
43e3cfc8 D __u_boot_cmd_reginfo
43e3cfe0 D __u_boot_cmd_source
43e3cff8 D __u_boot_cmd_true
43e3d010 D __u_boot_cmd_false
43e3d028 D __u_boot_cmd_test
43e3d040 D __u_boot_cmd_usb
43e3d058 D __u_boot_cmd_dnw
43e3d070 D __u_boot_cmd_version
43e3d088 D __u_boot_cmd_imxtract
43e3d0a0 D __u_boot_cmd_showvar
43e3d0b8 B OmPin
43e3d0b8 B __bss_start
43e3d0b8 D __u_boot_cmd_end
43e3d0b8 R __rel_dyn_start
43e3d0bc b GPIO_pBase
43e3d0c0 B g_IntCnt
43e3d0c4 B raw_area_control
43e3d2c0 B get_pll_clk
43e3d2c4 B get_arm_clk
43e3d2c8 B get_pwm_clk
43e3d2cc B get_uart_clk
43e3d2d0 b count_value
43e3d2d4 b lastdec
43e3d2d8 b timestamp
43e3d2e0 B monitor_flash_len
43e3d2e4 b params
43e3d2e8 b images
43e3d418 b download_size
43e3d41c b download_bytes
43e3d420 b download_error
43e3d424 b pcount
43e3d428 b ptable
43e3d6a8 b gflag_reboot
43e3d6b0 B working_fdt
43e3d6b4 b data.5766
43e3dab4 b os_data_state
43e3dab8 b os_data_addr
43e3dabc b bin_start_address
43e3dac0 B his_pad_count
43e3dac4 B his_pad_char
43e3dac5 b a_b
43e3dadd B his_eol
43e3dae0 b k_data_escape
43e3dae4 B os_data_init
43e3dae8 b k_data_escape_saved
43e3daec b os_data_state_saved
43e3daf0 b os_data_addr_saved
43e3daf4 B os_data_char
43e3daf8 B his_quote
43e3dafc B send_ptr
43e3db00 B send_parms
43e3db14 B dp_last_addr
43e3db18 B dp_last_size
43e3db1c b base_address
43e3db20 B mm_last_addr
43e3db24 B mm_last_size
43e3db28 B current_mtd_dev
43e3db2c B devices
43e3db34 B current_mtd_partnum
43e3db35 b last_partition
43e3db45 b last_parts
43e3dd48 B mtdids
43e3dd50 b initialized.6163
43e3dd54 b last_ids
43e3ddd4 b ctrlc_disabled
43e3ddd8 b ctrlc_was_pressed
43e3dddc B mem_malloc_brk
43e3dde0 B mem_malloc_start
43e3dde4 B mem_malloc_end
43e3dde8 b current_mallinfo
43e3de10 b top_pad
43e3de14 b max_sbrked_mem
43e3de18 b max_total_mem
43e3de1c b n_mmaps_max
43e3de20 B env_ptr
43e3de24 b buf.5803
43e3de4c B last_return_code
43e3de50 b top_vars
43e3de54 b flag_repeat
43e3de58 b do_repeat
43e3de5c b the_command.5599
43e3df5c b local.5583
43e3df72 b map
43e3e074 b ifs
43e3e078 B nesting_level
43e3e07c b initted.5590
43e3e080 b hist_max
43e3e084 b hist_add_idx
43e3e088 B hist_num
43e3e08c B hist_list
43e3e0dc B hist_lines
43e3f4f0 B console_buffer
43e3f5f4 b serial_devices
43e3f5f8 b serial_current
43e3f5fc b devs
43e3f638 B stdio_devices
43e3f644 B usb_started
43e3f648 b asynch_allowed
43e3f64c b usb_hub_index
43e3f650 b setup_packet
43e3f658 b usb_dev
43e43968 R __dynsym_start
43e43968 R __rel_dyn_end
43e49f58 b dev_index
43e49f5c b hub_dev
43e4a05c b running
43e4a060 b xyz
43e4a4a0 b mmc_devices
43e4a4a8 B mmc_channel
43e4aa20 B mmc_host
43e4ab38 b idmac_desc
43f4ab38 B mshc_channel
43f4b0b0 B mshc_host
43f4b1c8 B mtd_table
43f4b248 b onenand
43f4b24c B otg
43f4b2d0 B speed
43f4b2d4 B is_fastboot
43f4b2d8 b device_strings
43f4b2f0 b serial_number.5783
43f4b310 b fastboot_interface
43f4b314 B fboot_response_flag
43f4b318 B reply_msg
43f4b31c b fastboot_bulk_fifo
43f4b520 B remode_wakeup
43f4b524 B get_status
43f4b52a B config_value
43f4b52c B get_intf
43f4b530 B s3c_usbd_dn_addr
43f4b534 B s3c_usbd_dn_cnt
43f4b538 B s3c_receive_done
43f4b53c B op_mode
43f4b540 B transfer_size
43f4b544 B s3c_got_header
43f4b548 B DNW
43f4b600 B ptd
43f4b604 B urb_priv
43f4b6d8 b gohci
43f4b7a0 B ohci_dev
43f4b930 B devgone
43f4b934 B got_rhsc
43f4b938 B phcca
43f4ba00 B ghcca
43f4bb00 B gtd
43f4cc00 B ext2fs_root
43f4cc04 B indir1_block
43f4cc08 B indir1_size
43f4cc0c B indir2_block
43f4cc10 B indir2_size
43f4cc14 B symlinknest
43f4cc18 B ext2fs_file
43f4cc1c b ext2fs_block_dev_desc
43f4cc20 b part_info
43f4cc6c b cur_dev
43f4cc70 b part_offset
43f4cc74 B get_vfatname_block
43f5cc74 B do_fat_read_block
43f6cc74 B get_dentfromdir_block
43f7cc74 B errno
43f7cc78 b htab
43f7cc84 B ___strtok
43f7cc88 B BootpID
43f7cc8c B BootpTry
43f7cc90 b eth_current
43f7cc94 b eth_devices
43f7cc98 b first_failed.5478
43f7cc9c b act.5484
43f7cca0 b env_changed_id.5485
43f7cca4 B NetState
43f7cca8 B NetPingIP
43f7ccac b NetTryCount
43f7ccb0 b NetRestarted
43f7ccb4 B NetRestartWrap
43f7ccb8 b NetDevExists
43f7ccbc b timeHandler
43f7ccc0 b timeStart
43f7ccc4 b timeDelta
43f7ccc8 b packetHandler
43f7cccc B NetOurEther
43f7ccd4 B NetTxPacket
43f7ccd8 B NetOurIP
43f7ccdc B NetArpWaitPacketIP
43f7cce0 B NetOurSubnetMask
43f7cce4 B NetOurGatewayIP
43f7cce8 B NetArpWaitReplyIP
43f7ccec B NetArpWaitTimerStart
43f7ccf0 B NetArpWaitTry
43f7ccf4 b mac.5509
43f7ccfa B NetEtherNullAddr
43f7cd00 B NetArpWaitPacketMAC
43f7cd04 B NetArpWaitTxPacket
43f7cd08 B NetIPID
43f7cd0c b PingSeqNo
43f7cd10 B NetArpWaitTxPacketSize
43f7cd14 B NetRxPacket
43f7cd18 B NetRxPacketLen
43f7cd1c B PktBuf
43f7eb3c B NetRxPackets
43f7eb4c B NetArpWaitPacketBuf
43f7f16c b env_changed_id.5443
43f7f170 B NetServerIP
43f7f174 B NetBootFileXferSize
43f7f178 B BootFile
43f7f1f8 B NetServerEther
43f7f1fe B NetBootFileSize
43f7f200 B NetOurRootPath
43f7f240 B NetOurHostName
43f7f260 B NetOurNISDomain
43f7f280 B NetOurDNSIP
43f7f284 b rpc_id
43f7f288 b NfsSrvMountPort
43f7f28c b NfsSrvNfsPort
43f7f290 b fs_mounted
43f7f294 b dirfh
43f7f2b4 b filefh
43f7f2d4 b nfs_path
43f7f2d8 b NfsServerIP
43f7f2dc b NfsOurPort
43f7f2e0 b NfsState
43f7f2e4 b nfs_filename
43f7f2e8 b nfs_len
43f7f2ec b NfsDownloadState
43f7f2f0 b NfsTimeoutCount
43f7f2f4 b nfs_path_buff
43f7faf4 b default_filename
43f7fb34 b TftpState
43f7fb38 b tftp_filename
43f7fbb8 b TftpBlock
43f7fbbc b TftpServerIP
43f7fbc0 b TftpServerPort
43f7fbc4 b TftpOurPort
43f7fbc8 b TftpBlockWrap
43f7fbcc b TftpBlockWrapOffset
43f7fbd0 b TftpLastBlock
43f7fbd4 b TftpTimeoutCount
43f7fbd8 b default_filename
43f7fbe8 B _end
